.\gradlew : 注: SpongePowered MIXIN Annotation Processor Version=0.8.7
所在位置 行:1 字符: 48
+ ... inecraft\modss\project\CatFrame ; .\gradlew build 2> build-errors.txt
+                                       ~~~~~~~~~~~~~~~~~~~~~~~~~~~~~~~~~~~
    + CategoryInfo          : NotSpecified: (注: SpongePowere...r Version=0.8.7:String) [], RemoteException
    + FullyQualifiedErrorId : NativeCommandError
 
注: Supported obfuscation types: ObfuscationServiceMCP supports [searge,notch]
注: Loading searge mappings from C:\Users\songp\scoop\apps\gradle\current\.gradle\caches\minecraft\net\minecraftforge\fo
rge\1.7.10-10.13.4.1614-1.7.10\srgs\mcp-srg.srg
注: Writing refmap to D:\GAMES\Minecraft\modss\project\CatFrame\build\tmp\compileJava\mixins.dfdvdsfsAPI.refmap.json
注: Writing refmap to D:\GAMES\Minecraft\modss\project\CatFrame\build\tmp\compileJava\mixins.dfdvdsfsAPI.refmap.json
注: Writing searge output SRGs to D:\GAMES\Minecraft\modss\project\CatFrame\build\tmp\compileJava\outSrg.srg
警告: 没有处理程序要使用以下任何注释: java.lang.SafeVarargs,cpw.mods.fml.common.Mod.EventHandler,cpw.mods.fml.relauncher.SideOnly,com.go
ogle.gson.annotations.SerializedName,java.lang.FunctionalInterface,cpw.mods.fml.common.Mod,cpw.mods.fml.common.eventhan
dler.SubscribeEvent,javax.annotation.Nullable
注: Writing refmap to D:\GAMES\Minecraft\modss\project\CatFrame\build\tmp\compileJava\mixins.dfdvdsfsAPI.refmap.json
注: Writing refmap to D:\GAMES\Minecraft\modss\project\CatFrame\build\tmp\compileJava\mixins.dfdvdsfsAPI.refmap.json
注: Writing searge output SRGs to D:\GAMES\Minecraft\modss\project\CatFrame\build\tmp\compileJava\outSrg.srg
D:\GAMES\Minecraft\modss\project\CatFrame\build\sources\java\decok\dfcdvadstf\catframe\ModernItem.java:272: 警告: [rawtyp
es] 找到原始类型: List
    public void getSubItems(Item item, CreativeTabs tab, List list) {
                                                         ^
  缺少泛型类List<E>的类型参数
  其中, E是类型变量:
    E扩展已在接口 List中声明的Object
D:\GAMES\Minecraft\modss\project\CatFrame\build\sources\java\decok\dfcdvadstf\catframe\ModernItem.java:275: 警告: [unchec
ked] 对作为原始类型List的成员的add(E)的调用未经过检查
        list.add(new ItemStack(item, 1, 0));
                ^
  其中, E是类型变量:
    E扩展已在接口 List中声明的Object
D:\GAMES\Minecraft\modss\project\CatFrame\build\sources\java\decok\dfcdvadstf\catframe\compact\vanilla\TexturesStitch.j
ava:18: 错误: 找不到符号
            VanillaModelManager.TextureManagement.registerTextures(event.map);
                               ^
  符号:   变量 TextureManagement
  位置: 类 VanillaModelManager
D:\GAMES\Minecraft\modss\project\CatFrame\build\sources\java\decok\dfcdvadstf\catframe\compact\vanilla\TexturesStitch.j
ava:23: 错误: 找不到符号
            VanillaModelManager.TextureManagement.registerItemTextures(event.map);
                               ^
  符号:   变量 TextureManagement
  位置: 类 VanillaModelManager
D:\GAMES\Minecraft\modss\project\CatFrame\build\sources\java\decok\dfcdvadstf\catframe\compact\vanilla\TexturesStitch.j
ava:32: 错误: 找不到符号
            VanillaModelManager.TextureManagement.onTextureStitchPost(event.map);
                               ^
  符号:   变量 TextureManagement
  位置: 类 VanillaModelManager
D:\GAMES\Minecraft\modss\project\CatFrame\build\sources\java\decok\dfcdvadstf\catframe\compact\vanilla\TexturesStitch.j
ava:39: 错误: 找不到符号
            VanillaModelManager.TextureManagement.onTextureStitchPostItem(event.map);
                               ^
  符号:   变量 TextureManagement
  位置: 类 VanillaModelManager
D:\GAMES\Minecraft\modss\project\CatFrame\build\sources\java\decok\dfcdvadstf\catframe\mixin\middle\MixinTextureMap.jav
a:30: 警告: [rawtypes] 找到原始类型: List
    protected List framesTextureData;
              ^
  缺少泛型类List<E>的类型参数
  其中, E是类型变量:
    E扩展已在接口 List中声明的Object
D:\GAMES\Minecraft\modss\project\CatFrame\build\sources\java\decok\dfcdvadstf\catframe\model\JsonBlock.java:194: 错误: 找不
到符号
        VanillaModelManager.TextureManagement.registerTextures(map);
                           ^
  符号:   变量 TextureManagement
  位置: 类 VanillaModelManager
D:\GAMES\Minecraft\modss\project\CatFrame\build\sources\java\decok\dfcdvadstf\catframe\model\JsonBlock.java:210: 错误: 找不
到符号
        VanillaModelManager.TextureManagement.onTextureStitchPost(map);
                           ^
  符号:   变量 TextureManagement
  位置: 类 VanillaModelManager
D:\GAMES\Minecraft\modss\project\CatFrame\build\sources\java\decok\dfcdvadstf\catframe\model\render\extension\GuiLightE
xtension.java:47: 警告: [deprecation] RenderPhase中的ITEM_HAND已过时
                || phase == RenderPhase.ITEM_HAND
                                       ^
D:\GAMES\Minecraft\modss\project\CatFrame\build\sources\java\decok\dfcdvadstf\catframe\model\state\property\EnumPropert
y.java:72: 警告: [varargs] Varargs 方法可能导致来自不可具体化 varargs 参数 filter 的堆污染
        return new EnumProperty<>(name, clazz, Collections.unmodifiableList(Arrays.asList(filter)));
                                                                                          ^
D:\GAMES\Minecraft\modss\project\CatFrame\build\sources\java\decok\dfcdvadstf\catframe\model\state\property\EnumPropert
y.java:72: 警告: [varargs] Varargs 方法可能导致来自不可具体化 varargs 参数 filter 的堆污染
        return new EnumProperty<>(name, clazz, Collections.unmodifiableList(Arrays.asList(filter)));
                                                                                          ^
D:\GAMES\Minecraft\modss\project\CatFrame\build\sources\java\decok\dfcdvadstf\catframe\model\state\property\EnumPropert
y.java:72: 警告: [varargs] Varargs 方法可能导致来自不可具体化 varargs 参数 filter 的堆污染
        return new EnumProperty<>(name, clazz, Collections.unmodifiableList(Arrays.asList(filter)));
                                                                                          ^
D:\GAMES\Minecraft\modss\project\CatFrame\build\sources\java\decok\dfcdvadstf\catframe\model\state\property\EnumPropert
y.java:72: 警告: [varargs] Varargs 方法可能导致来自不可具体化 varargs 参数 filter 的堆污染
        return new EnumProperty<>(name, clazz, Collections.unmodifiableList(Arrays.asList(filter)));
                                                                                          ^
D:\GAMES\Minecraft\modss\project\CatFrame\build\sources\java\decok\dfcdvadstf\catframe\recipe\CatFrameRecipeManager.jav
a:64: 警告: [unchecked] 对作为原始类型List的成员的add(E)的调用未经过检查
        CraftingManager.getInstance().getRecipeList().add(shapedRecipe);
                                                         ^
  其中, E是类型变量:
    E扩展已在接口 List中声明的Object
D:\GAMES\Minecraft\modss\project\CatFrame\build\sources\java\decok\dfcdvadstf\catframe\recipe\CatFrameRecipeManager.jav
a:94: 警告: [unchecked] 对作为原始类型List的成员的add(E)的调用未经过检查
        CraftingManager.getInstance().getRecipeList().add(shapelessRecipe);
                                                         ^
  其中, E是类型变量:
    E扩展已在接口 List中声明的Object
D:\GAMES\Minecraft\modss\project\CatFrame\build\sources\java\decok\dfcdvadstf\catframe\recipe\CatFrameRecipeManager.jav
a:202: 警告: [unchecked] 未经检查的转换
        List<IRecipe> recipes = CraftingManager.getInstance().getRecipeList();
                                                                           ^
  需要: List<IRecipe>
  找到:    List
D:\GAMES\Minecraft\modss\project\CatFrame\build\sources\java\decok\dfcdvadstf\catframe\recipe\CatFrameRecipeManager.jav
a:227: 警告: [unchecked] 未经检查的转换
        List<IRecipe> recipes = CraftingManager.getInstance().getRecipeList();
                                                                           ^
  需要: List<IRecipe>
  找到:    List
D:\GAMES\Minecraft\modss\project\CatFrame\build\sources\java\decok\dfcdvadstf\catframe\recipe\CatFrameRecipeManager.jav
a:311: 警告: [unchecked] 未经检查的转换
        return CraftingManager.getInstance().getRecipeList();
                                                          ^
  需要: List<IRecipe>
  找到:    List
D:\GAMES\Minecraft\modss\project\CatFrame\build\sources\java\decok\dfcdvadstf\catframe\ui\components\CyclingArea.java:2
76: 警告: [varargs] Varargs 方法可能导致来自不可具体化 varargs 参数 values 的堆污染
            return this.values(Arrays.asList(values));
                                             ^
D:\GAMES\Minecraft\modss\project\CatFrame\build\sources\java\decok\dfcdvadstf\catframe\ui\components\CyclingButton.java
:228: 警告: [varargs] Varargs 方法可能导致来自不可具体化 varargs 参数 values 的堆污染
            return this.values(Arrays.asList(values));
                                             ^
6 个错误
16 个警告

FAILURE: Build failed with an exception.

* What went wrong:
Execution failed for task ':compileJava'.
> Compilation failed; see the compiler error output for details.

* Try:
> Run with --stacktrace option to get the stack trace.
> Run with --info or --debug option to get more log output.
> Run with --scan to get full insights.

* Get more help at https://help.gradle.org

BUILD FAILED in 5s
